// Jest Snapshot v1, https://goo.gl/fbAQLP

exports[`AuthPage 1--Snapshot before login 1`] = `
<div
  className="container"
>
  <div
    className="wrapper"
  >
    <h2>
      Login
    </h2>
    <form
      aria-label="login-form"
      onSubmit={[Function]}
    >
      <div
        className="wrapper input"
        style={{}}
      >
        <input
          name="email"
          onChange={[Function]}
          placeholder="Enter your email"
          required={true}
          style={{}}
          type="email"
          value=""
        />
      </div>
      <div
        className="wrapper input"
        style={{}}
      >
        <input
          name="password"
          onChange={[Function]}
          placeholder="Enter your password"
          required={true}
          style={{}}
          type="password"
          value=""
        />
      </div>
      <div
        className="forgot-password__wrapper"
      >
        <p>
          Forgot your password?
        </p>
        <a
          onClick={[Function]}
        >
          Click here
        </a>
      </div>
      <button
        type="submit"
      >
        Login
      </button>
    </form>
  </div>
  <div
    className="wrapper"
  >
    <h2>
      Registration
    </h2>
    <form
      onSubmit={[Function]}
    >
      <div
        className="wrapper input"
        style={{}}
      >
        <input
          name="name"
          onChange={[Function]}
          placeholder="Enter your name"
          required={true}
          style={{}}
          type="text"
          value=""
        />
      </div>
      <div
        className="wrapper input"
        style={{}}
      >
        <input
          name="email"
          onChange={[Function]}
          placeholder="Enter your email"
          required={true}
          style={{}}
          type="email"
          value=""
        />
      </div>
      <div
        className="wrapper input"
        style={{}}
      >
        <input
          name="DOB"
          onChange={[Function]}
          placeholder="Enter your DOB"
          required={true}
          style={{}}
          type="date"
        />
      </div>
      <div
        className="wrapper input"
        style={{}}
      >
        <input
          name="password"
          onChange={[Function]}
          placeholder="Enter your password"
          style={{}}
          type="password"
          value=""
        />
      </div>
      <div
        className="wrapper input"
        style={{}}
      >
        <input
          name="passwordConfirm"
          onChange={[Function]}
          placeholder="Confirm your password"
          required={true}
          style={{}}
          type="password"
          value=""
        />
      </div>
      <div
        className="policy__wrapper"
      >
        <input
          checked={false}
          name="policy"
          onChange={[Function]}
          required={true}
          type="checkbox"
          value="false"
        />
        <h3>
          I accept all terms & condition
        </h3>
      </div>
      <button
        type="submit"
      >
        Register
      </button>
    </form>
  </div>
</div>
`;
