// Jest Snapshot v1, https://goo.gl/fbAQLP

exports[`Doctors Page 1--Matches the DOM snapshot 1`] = `
<DocumentFragment>
  <p
    class="header"
  >
    OUR DOCTORS
  </p>
  <hr />
  <div
    class="container"
    role="doctors-container"
  >
    <div
      class="loader__container"
      role="loader"
    >
       
      <div
        class="loader__ldsRipple"
      >
        <div />
        <div />
      </div>
    </div>
  </div>
  <div
    class="pagination__wrapper"
  >
    <div
      class="pagination__wrapper"
    >
      <div
        class="pagination__icon--wrapper"
      >
        <svg
          fill="currentColor"
          height="1em"
          stroke="currentColor"
          stroke-width="0"
          viewBox="0 0 24 24"
          width="1em"
          xmlns="http://www.w3.org/2000/svg"
        >
          <polyline
            fill="none"
            points="7 2 17 12 7 22"
            stroke-width="2"
            transform="matrix(-1 0 0 1 24 0)"
          />
        </svg>
        <p>
          Prev
        </p>
      </div>
      <p
        class="pagination__page-number"
      >
        Page: 1
      </p>
      <div
        class="pagination__icon--wrapper passive"
      >
        <p>
          Next
        </p>
        <svg
          fill="currentColor"
          height="1em"
          stroke="currentColor"
          stroke-width="0"
          viewBox="0 0 24 24"
          width="1em"
          xmlns="http://www.w3.org/2000/svg"
        >
          <polyline
            fill="none"
            points="7 2 17 12 7 22"
            stroke-width="2"
          />
        </svg>
      </div>
    </div>
  </div>
</DocumentFragment>
`;
